error: accessing last element with `x.get(x.len() - 1)`
  --> $DIR/get_last_with_len.rs:7:13
   |
LL |     let _ = x.get(x.len() - 1); // ~ERROR Use x.last()
   |             ^^^^^^^^^^^^^^^^^^ help: try: `x.last()`
   |
   = note: `-D clippy::get-last-with-len` implied by `-D warnings`

error: accessing last element with `y.get(y.len() - 1)`
  --> $DIR/get_last_with_len.rs:10:13
   |
LL |     let _ = y.get(y.len() - 1); // ~ERROR Use y.last()
   |             ^^^^^^^^^^^^^^^^^^ help: try: `y.last()`

error: accessing last element with `z.get(z.len() - 1)`
  --> $DIR/get_last_with_len.rs:13:13
   |
LL |     let _ = z.get(z.len() - 1); // ~ERROR Use z.last()
   |             ^^^^^^^^^^^^^^^^^^ help: try: `z.last()`

error: aborting due to 3 previous errors

