error: called `map(<f>).unwrap_or_else(<g>)` on an `Option` value
  --> tests/ui/map_unwrap_or_fixable.rs:16:13
   |
LL |       let _ = opt.map(|x| x + 1)
   |  _____________^
LL | |         // Should lint even though this call is on a separate line.
LL | |         .unwrap_or_else(|| 0);
   | |_____________________________^ help: try: `opt.map_or_else(|| 0, |x| x + 1)`
   |
   = note: `-D clippy::map-unwrap-or` implied by `-D warnings`
   = help: to override `-D warnings` add `#[allow(clippy::map_unwrap_or)]`

error: called `map(<f>).unwrap_or_else(<g>)` on a `Result` value
  --> tests/ui/map_unwrap_or_fixable.rs:46:13
   |
LL |       let _ = res.map(|x| x + 1)
   |  _____________^
LL | |         // should lint even though this call is on a separate line
LL | |         .unwrap_or_else(|_e| 0);
   | |_______________________________^ help: try: `res.map_or_else(|_e| 0, |x| x + 1)`

error: called `map(<f>).unwrap_or(false)` on an `Option` value
  --> tests/ui/map_unwrap_or_fixable.rs:56:5
   |
LL | /     Some(1)
LL | |         .map(|x| x < 5)
LL | |         .unwrap_or(false);
   | |_________________________^ help: try: `Some(1).is_some_and(|x| x < 5)`

error: called `map(<f>).unwrap_or(<a>)` on an `Option` value
  --> tests/ui/map_unwrap_or_fixable.rs:60:5
   |
LL | /     Some(1)
LL | |         .map(|x| x + 1)
LL | |         .unwrap_or(1);
   | |_____________________^ help: try: `Some(1).map_or(1, |x| x + 1)`

error: called `map(<f>).unwrap_or_else(<g>)` on a `Result` value
  --> tests/ui/map_unwrap_or_fixable.rs:64:5
   |
LL | /     Ok(1)
LL | |         .map(|x| x + 1)
LL | |         .unwrap_or_else(|_: usize| {1});
   | |_______________________________________^ help: try: `Ok(1).map_or_else(|_: usize| {1}, |x| x + 1)`

error: aborting due to 5 previous errors

